[Licensing::Module] Trying to connect to existing licensing client channel...
Built from '6000.4/staging' branch; Version is '6000.4.7f1 (f3c3c4248748) revision 15975364'; Using compiler version '194234433'; Build Type 'Release'
OS: 'Windows 11  (10.0.26200) Core' Language: 'en' Physical Memory: 32654 MB
BatchMode: 1, IsHumanControllingUs: 0, StartBugReporterOnCrash: 0, Is64bit: 1
[Licensing::IpcConnector] Successfully connected to: "LicenseClient-przza" at "2026-08-10T17:01:51.0555028Z"
System  architecture: x64
Process architecture: x64
Date: 2026-08-10T17:01:51Z

COMMAND LINE ARGUMENTS:
C:\Program Files\Unity\Hub\Editor\6000.4.7f1-x86_64\Editor\Unity.exe
-batchmode
-nographics
-quit
-projectPath
C:\Unity Projects\Puzzle Mount
-buildWindows64Player
C:\Unity Projects\Puzzle Mount\Build\PuzzleMount.exe
-logFile
C:\Unity Projects\Puzzle Mount\build.log
Successfully changed project path to: C:\Unity Projects\Puzzle Mount
C:/Unity Projects/Puzzle Mount
Exiting without the bug reporter. Application will terminate with return code 1